// Jest Snapshot v1, https://goo.gl/fbAQLP

exports[`should render a list of dogs 1`] = `
<div>
  <div
    class="pinkdiv"
  >
    <header>
      <a
        aria-current="page"
        class="active"
        href="/"
      >
        Home
      </a>
      <a
        href="/admin"
      >
        Admin
      </a>
    </header>
    <h1
      class="text"
    >
      WELCOME TO DOG ADOPTION
    </h1>
    <h2
      class="text"
    >
      These are the dogs we have available to adopt, click for more details!
    </h2>
    <div
      class="doglist"
    >
      <a
        class="doglink"
        href="/dogs/6"
      >
        <h3>
           
          Mittens 
           
        </h3>
        <img
          src="https://i.insider.com/5cdeb255021b4c06ca38bbb3?width=2000&format=jpeg&auto=webp"
        />
      </a>
      <a
        class="doglink"
        href="/dogs/2"
      >
        <h3>
           
          Barky 
           
        </h3>
        <img
          src="https://cdn.kqed.org/wp-content/uploads/sites/39/2012/04/dog-nose-resize.jpg"
        />
      </a>
      <a
        class="doglink"
        href="/dogs/3"
      >
        <h3>
           
          Very Cool Guy
           
        </h3>
        <img
          src="https://ca-times.brightspotcdn.com/dims4/default/8139471/2147483647/strip/true/crop/2048x1365+0+0/resize/840x560!/format/webp/quality/90/?url=https%3A%2F%2Fcalifornia-times-brightspot.s3.amazonaws.com%2F1b%2F88%2F35dff51d0ac0da0d1f63ae4647a3%2Fla-tr-road-trip-issue-photos-20160621-010"
        />
      </a>
    </div>
  </div>
</div>
`;
