// Jest Snapshot v1, https://goo.gl/fbAQLP

exports[`should render an individual dog 1`] = `
<div>
   
  <div
    class="dogdiv"
  >
    <header>
      <a
        href="/"
      >
        Home
      </a>
      <a
        href="/admin"
      >
        Admin
      </a>
    </header>
    <div
      class="detaildiv"
    >
      <h1>
         This is 
        Mittens 
         
      </h1>
      <p />
      <img
        src="https://i.insider.com/5cdeb255021b4c06ca38bbb3?width=2000&format=jpeg&auto=webp"
      />
      <p>
        Mittens 
         is a 
        Cat
         who is
         12
         . Here is a little bit about our furry friend: ...
        I am not a dog, how did I get here?
      </p>
      <button>
        Delete
      </button>
    </div>
    <a
      href="/dogs/6/edit"
    >
      Edit
    </a>
  </div>
</div>
`;
